Microchip Technology Inc, v2.00 (B)

Tool Name:
  /Applications/microchip/xc16/v2.00/bin/bin/../bin/elf-ld

Command:
  -p24F16KA102 \
  --mdfp=/Applications/microchip/mplabx/v6.00/packs/Microchip/PIC24F-KA-KL-KM_DFP/1.4.83/xc16 \
  -o \
  .ca/dist/PRO_Comparison/production/Access_Point.X.production.elf \
  -L/Applications/microchip/xc16/v2.00/bin/bin/.. \
  -L/Applications/microchip/mplabx/v6.00/packs/Microchip/PIC24F-KA-KL-KM_DFP/1.4.83/xc16/bin/../support/PIC24F/gld \
  -L/Applications/microchip/xc16/v2.00/bin/bin/../../lib \
  -L/Applications/microchip/xc16/v2.00/bin/bin/../../support/PIC24E/gld \
  -L/Applications/microchip/xc16/v2.00/bin/bin/../../support/PIC24F/gld \
  -L/Applications/microchip/xc16/v2.00/bin/bin/../../support/PIC24H/gld \
  -L/Applications/microchip/xc16/v2.00/bin/bin/../../support/dsPIC30F/gld \
  -L/Applications/microchip/xc16/v2.00/bin/bin/../../support/dsPIC33C/gld \
  -L/Applications/microchip/xc16/v2.00/bin/bin/../../support/dsPIC33E/gld \
  -L/Applications/microchip/xc16/v2.00/bin/bin/../../support/dsPIC33F/gld \
  .ca/build/PRO_Comparison/production/_ext/1472/HardwareProfile.o \
  .ca/build/PRO_Comparison/production/_ext/1472/AccessPoint.o \
  .ca/build/PRO_Comparison/production/_ext/1860783399/Console.o \
  .ca/build/PRO_Comparison/production/_ext/1860783399/MSPI.o \
  .ca/build/PRO_Comparison/production/_ext/1860783399/TimeDelay.o \
  .ca/build/PRO_Comparison/production/_ext/35256690/MiWi.o \
  .ca/build/PRO_Comparison/production/_ext/1109514802/P2P.o \
  .ca/build/PRO_Comparison/production/_ext/1466186449/LCDBlocking.o \
  .ca/build/PRO_Comparison/production/_ext/1466186449/NVM.o \
  .ca/build/PRO_Comparison/production/_ext/1466186449/SymbolTime.o \
  .ca/build/PRO_Comparison/production/_ext/1127682237/crc.o \
  .ca/build/PRO_Comparison/production/_ext/1127682237/security.o \
  .ca/build/PRO_Comparison/production/_ext/1061806389/MRF24J40.o \
  .ca/build/PRO_Comparison/production/_ext/1696884637/MRF49XA.o \
  .ca/build/PRO_Comparison/production/_ext/1697003801/MRF89XA.o \
  --defsym=__MPLAB_BUILD=1 \
  -Tp24F16KA102.gld.00 \
  --stack=16 \
  --check-sections \
  --data-init \
  --pack-data \
  --handles \
  --isr \
  --no-gc-sections \
  --fill-upper=0 \
  --stackguard=16 \
  --library-path=.. \
  --library-path=. \
  --no-force-link \
  --smart-io \
  -Map=.ca/dist/PRO_Comparison/production/Access Point.X.Access_Point.X.production.map \
  --memorysummary \
  .ca/dist/PRO_Comparison/production/memoryfile.xml \
  --mafrlcsj2 \
  -start-group \
  --library=c99-pic30-elf \
  --library=m-elf \
  --library=c99-elf \
  -end-group \


Optional library libpPIC24Fxxx.a not found
Archive member included because of file (symbol)

/Applications/microchip/xc16/v2.00/bin/bin/../../lib/libc99-pic30-elf.a(crt0_standard.o)
                              (__resetPRI)
/Applications/microchip/xc16/v2.00/bin/bin/../../lib/libc99-pic30-elf.a(data_init_standard.o)
                              /Applications/microchip/xc16/v2.00/bin/bin/../../lib/libc99-pic30-elf.a(crt0_standard.o) (__data_init_standard)
/Applications/microchip/xc16/v2.00/bin/bin/../../lib/libc99-pic30-elf.a(crt_start_mode_normal.Meo)
                              (__crt_start_mode_normal)
/Applications/microchip/xc16/v2.00/bin/bin/../../lib/libc99-pic30-elf.a(divsi3.XX_o)
                              .ca/build/PRO_Comparison/production/_ext/1472/AccessPoint.o (___divsi3)
/Applications/microchip/xc16/v2.00/bin/bin/../../lib/libc99-pic30-elf.a(fixunssfsi.XX_o)
                              .ca/build/PRO_Comparison/production/_ext/1472/AccessPoint.o (___fixunssfsi)
/Applications/microchip/xc16/v2.00/bin/bin/../../lib/libc99-pic30-elf.a(floatunsisf.XX_o)
                              .ca/build/PRO_Comparison/production/_ext/1472/AccessPoint.o (___floatunsisf)
/Applications/microchip/xc16/v2.00/bin/bin/../../lib/libc99-pic30-elf.a(funpack.XX_o)
                              /Applications/microchip/xc16/v2.00/bin/bin/../../lib/libc99-pic30-elf.a(fixunssfsi.XX_o) (__funpack)
/Applications/microchip/xc16/v2.00/bin/bin/../../lib/libc99-pic30-elf.a(modsi3.XX_o)
                              .ca/build/PRO_Comparison/production/_ext/1472/AccessPoint.o (___modsi3)
/Applications/microchip/xc16/v2.00/bin/bin/../../lib/libc99-pic30-elf.a(udivsi3.XX_o)
                              .ca/build/PRO_Comparison/production/_ext/1472/AccessPoint.o (___udivsi3)
/Applications/microchip/xc16/v2.00/bin/bin/../../lib/libc99-pic30-elf.a(umodsi3.XX_o)
                              .ca/build/PRO_Comparison/production/_ext/1472/AccessPoint.o (___umodsi3)
/Applications/microchip/xc16/v2.00/bin/bin/../../lib/libc99-pic30-elf.a(addsf3x.XX_o)
                              .ca/build/PRO_Comparison/production/_ext/1472/AccessPoint.o (___subsf3)
/Applications/microchip/xc16/v2.00/bin/bin/../../lib/libc99-pic30-elf.a(divsf3x.XX_o)
                              .ca/build/PRO_Comparison/production/_ext/1472/AccessPoint.o (___divsf3)
/Applications/microchip/xc16/v2.00/bin/bin/../../lib/libc99-pic30-elf.a(mulsf3x.XX_o)
                              .ca/build/PRO_Comparison/production/_ext/1472/AccessPoint.o (___mulsf3)
/Applications/microchip/xc16/v2.00/bin/bin/../../lib/libc99-pic30-elf.a(dnrmpackfx.XX_o)
                              /Applications/microchip/xc16/v2.00/bin/bin/../../lib/libc99-pic30-elf.a(addsf3x.XX_o) (__dnrmpackf)
/Applications/microchip/xc16/v2.00/bin/bin/../../lib/libc99-pic30-elf.a(unpackdnrmfx.XX_o)
                              /Applications/microchip/xc16/v2.00/bin/bin/../../lib/libc99-pic30-elf.a(mulsf3x.XX_o) (__unpackdnrmf)
/Applications/microchip/xc16/v2.00/bin/bin/../../lib/libc99-pic30-elf.a(typefx.XX_o)
                              /Applications/microchip/xc16/v2.00/bin/bin/../../lib/libc99-pic30-elf.a(addsf3x.XX_o) (__typef)
/Applications/microchip/xc16/v2.00/bin/bin/../../lib/libc99-pic30-elf.a(propnanfx.XX_o)
                              /Applications/microchip/xc16/v2.00/bin/bin/../../lib/libc99-pic30-elf.a(addsf3x.XX_o) (__propnanf)
/Applications/microchip/xc16/v2.00/bin/bin/../../lib/libc99-pic30-elf.a(spackfx.XX_o)
                              /Applications/microchip/xc16/v2.00/bin/bin/../../lib/libc99-pic30-elf.a(divsf3x.XX_o) (__spackf)
/Applications/microchip/xc16/v2.00/bin/bin/../../lib/libc99-pic30-elf.a(unpackfx.XX_o)
                              /Applications/microchip/xc16/v2.00/bin/bin/../../lib/libc99-pic30-elf.a(divsf3x.XX_o) (__unpackf)
/Applications/microchip/xc16/v2.00/bin/bin/../../lib/libc99-pic30-elf.a(errno.XX_o)
                              /Applications/microchip/xc16/v2.00/bin/bin/../../lib/libc99-pic30-elf.a(divsf3x.XX_o) (_errno)
/Applications/microchip/xc16/v2.00/bin/bin/../../lib/libc99-pic30-elf.a(floatundisf.XX_o)
                              /Applications/microchip/xc16/v2.00/bin/bin/../../lib/libc99-pic30-elf.a(floatunsisf.XX_o) (___floatundisf)
/Applications/microchip/xc16/v2.00/bin/bin/../../lib/libc99-pic30-elf.a(fpack.XX_o)
                              /Applications/microchip/xc16/v2.00/bin/bin/../../lib/libc99-pic30-elf.a(floatundisf.XX_o) (__fpack)
/Applications/microchip/xc16/v2.00/bin/bin/../../lib/libm-elf.a(logf.XX_o)
                              .ca/build/PRO_Comparison/production/_ext/1472/AccessPoint.o (_logf)
/Applications/microchip/xc16/v2.00/bin/bin/../../lib/libc99-elf.a(__errno_location.XX_o)
                              /Applications/microchip/xc16/v2.00/bin/bin/../../lib/libm-elf.a(logf.XX_o) (___errno_val)
/Applications/microchip/xc16/v2.00/bin/bin/../../lib/libc99-pic30-elf.a(floatsisf.XX_o)
                              /Applications/microchip/xc16/v2.00/bin/bin/../../lib/libm-elf.a(logf.XX_o) (___floatsisf)
/Applications/microchip/xc16/v2.00/bin/bin/../../lib/libc99-pic30-elf.a(floatdisf.XX_o)
                              /Applications/microchip/xc16/v2.00/bin/bin/../../lib/libc99-pic30-elf.a(floatsisf.XX_o) (___floatdisf)


xc16-ld 2.00 (B)

Default Code Model: Small
Default Data Model: Small
Default Scalar Model: Small

"program" Memory  [Origin = 0x200, Length = 0x2a00]

section                    address   length (PC units)   length (bytes) (dec)
-------                    -------   -----------------   --------------------
.text                        0x200               0xb42          0x10e3  (4323)
.const                       0xd42               0x4ce           0x735  (1845)
.text                       0x1210              0x1978          0x2634  (9780)
.dinit                      0x2b88                0x42            0x63  (99)
.text                       0x2bca                0x2e            0x45  (69)

                 Total "program" memory used (bytes):         0x3ef4  (16116) 99%


"data" Memory  [Origin = 0x800, Length = 0x600]

section                    address      alignment gaps    total length  (dec)
-------                    -------      --------------    -------------------
.nbss                        0x800                   0           0x158  (344)
.ndata                       0x958                   0             0xc  (12)
.nbss                        0x964                   0             0x4  (4)
.bss                         0x968                   0             0x2  (2)

                 Total "data" memory used (bytes):          0x16a  (362) 23%


Dynamic Memory Usage

region                     address                      maximum length  (dec)
------                     -------                      ---------------------
heap                             0                                   0  (0)
stack                        0x96a                               0x496  (1174)

                 Maximum dynamic memory (bytes):          0x496  (1174)

Info: Project is using a large data memory model when small data memory model is sufficient.


External Symbols in Data Memory (by address):

                    0x0800                  _currentChannel
                    0x0801                  _ConnMode
                    0x0802                  _MACRxPacket
                    0x0810                  _TxBuffer
                    0x0838                  _TxData
                    0x0839                  _P2PStatus
                    0x083a                  _myPANID
                    0x083c                  _ConnectionTable
                    0x0896                  _rxMessage
                    0x08a2                  _P2PCapacityInfo
                    0x08a3                  _LatestConnection
                    0x08a4                  _failureCounter
                    0x08a6                  _MACInitParams
                    0x08aa                  _RxBuffer
                    0x08eb                  _IEEESeqNum
                    0x08ec                  _MACCurrentChannel
                    0x08ee                  _MAC_PANID
                    0x08f0                  _myNetworkAddress
                    0x08f2                  _t1
                    0x08f6                  _t2
                    0x08fa                  _MRF24J40Status
                    0x08fc                  _Packet
                    0x0900                  _boardMode
                    0x0902                  _nodeID
                    0x0903                  _TXID
                    0x0904                  _thermValH
                    0x0905                  _thermValL
                    0x0906                  _vddValH
                    0x0907                  _vddValL
                    0x0908                  _lightValH
                    0x0909                  _lightValL
                    0x090a                  _humValH
                    0x090b                  _humValL
                    0x090c                  _extValH
                    0x090d                  _extValL
                    0x090e                  _rssiValH
                    0x090f                  _rssiValL
                    0x0910                  _Total_sec_cnt
                    0x0914                  _Sec_between_packet
                    0x0924                  _Hundred_millisecond_cnt
                    0x0926                  _thermVal
                    0x0928                  _tempVal
                    0x092a                  _vddVal
                    0x092c                  _lightVal
                    0x092e                  _humVal
                    0x0930                  _extVal
                    0x0932                  _rssiVal
                    0x0934                  _total_time_sec
                    0x0936                  _total_time_min
                    0x0938                  _total_time_hr
                    0x093a                  _delta_time_sec
                    0x093c                  _delta_time_min
                    0x093e                  _tem
                    0x0942                  _res
                    0x0946                  _curr
                    0x094a                  _temp_int
                    0x094c                  _PressedButton
                    0x094e                  _PUSH_BUTTON_1_pressed
                    0x0950                  _PUSH_BUTTON_2_pressed
                    0x0952                  _PUSH_BUTTON_pressed
                    0x0954                  _PUSH_BUTTON_press_time
                    0x0958                  _myLongAddress
                    0x0960                  _version
                    0x0962                  _myChannel
                    0x0964                  _timerExtension1
                    0x0965                  _timerExtension2
                    0x0968                  ___errno_val

External Symbols in Data Memory (by name):

                    0x0801                  _ConnMode
                    0x083c                  _ConnectionTable
                    0x0924                  _Hundred_millisecond_cnt
                    0x08eb                  _IEEESeqNum
                    0x08a3                  _LatestConnection
                    0x08ec                  _MACCurrentChannel
                    0x08a6                  _MACInitParams
                    0x0802                  _MACRxPacket
                    0x08ee                  _MAC_PANID
                    0x08fa                  _MRF24J40Status
                    0x08a2                  _P2PCapacityInfo
                    0x0839                  _P2PStatus
                    0x094e                  _PUSH_BUTTON_1_pressed
                    0x0950                  _PUSH_BUTTON_2_pressed
                    0x0954                  _PUSH_BUTTON_press_time
                    0x0952                  _PUSH_BUTTON_pressed
                    0x08fc                  _Packet
                    0x094c                  _PressedButton
                    0x08aa                  _RxBuffer
                    0x0914                  _Sec_between_packet
                    0x0903                  _TXID
                    0x0910                  _Total_sec_cnt
                    0x0810                  _TxBuffer
                    0x0838                  _TxData
                    0x0968                  ___errno_val
                    0x0900                  _boardMode
                    0x0946                  _curr
                    0x0800                  _currentChannel
                    0x093c                  _delta_time_min
                    0x093a                  _delta_time_sec
                    0x0930                  _extVal
                    0x090c                  _extValH
                    0x090d                  _extValL
                    0x08a4                  _failureCounter
                    0x092e                  _humVal
                    0x090a                  _humValH
                    0x090b                  _humValL
                    0x092c                  _lightVal
                    0x0908                  _lightValH
                    0x0909                  _lightValL
                    0x0962                  _myChannel
                    0x0958                  _myLongAddress
                    0x08f0                  _myNetworkAddress
                    0x083a                  _myPANID
                    0x0902                  _nodeID
                    0x0942                  _res
                    0x0932                  _rssiVal
                    0x090e                  _rssiValH
                    0x090f                  _rssiValL
                    0x0896                  _rxMessage
                    0x08f2                  _t1
                    0x08f6                  _t2
                    0x093e                  _tem
                    0x0928                  _tempVal
                    0x094a                  _temp_int
                    0x0926                  _thermVal
                    0x0904                  _thermValH
                    0x0905                  _thermValL
                    0x0964                  _timerExtension1
                    0x0965                  _timerExtension2
                    0x0938                  _total_time_hr
                    0x0936                  _total_time_min
                    0x0934                  _total_time_sec
                    0x092a                  _vddVal
                    0x0906                  _vddValH
                    0x0907                  _vddValL
                    0x0960                  _version

External Symbols in Program Memory (by address):

                  0x000200                  __resetPRI
                  0x00023c                  __psv_init
                  0x000252                  __data_init
                  0x000252                  __data_init_standard
                  0x0002c8                  __CNInterrupt
                  0x0002da                  __T1Interrupt
                  0x000314                  __INT1Interrupt
                  0x0003b6                  __DefaultInterrupt
                  0x0003bc                  ___divsi3
                  0x0003da                  ___fixunssfsi
                  0x000410                  ___floatunsisf
                  0x000414                  __funpack
                  0x00043e                  ___modsi3
                  0x00045c                  ___udivsi3
                  0x00047c                  ___umodsi3
                  0x000482                  ___subsf3
                  0x000482                  ___subsf3x
                  0x000494                  ___addsf3x
                  0x000494                  ___addsf3
                  0x00065e                  ___divsf3
                  0x00065e                  ___divsf3x
                  0x0007f0                  __sdivf
                  0x00081c                  ___mulsf3
                  0x00081c                  ___mulsf3x
                  0x000928                  __dnrmpackf
                  0x00097c                  __unpackdnrmf
                  0x0009da                  __typef
                  0x000a0e                  __propnanf
                  0x000a20                  __spackf
                  0x000ac6                  __unpackf
                  0x000b2c                  ___floatundisf
                  0x000b8a                  __fpack
                  0x000bd6                  _logf
                  0x000d1c                  ___floatsisf
                  0x000d22                  ___floatdisf
                  0x001200                  _CharacterArray
                  0x001210                  _PrintScreen
                  0x0019aa                  _GetRSSI
                  0x001aa0                  _main
                  0x001e8e                  _PHYSetLongRAMAddr
                  0x001eca                  _PHYSetShortRAMAddr
                  0x001efa                  _PHYGetShortRAMAddr
                  0x001f22                  _PHYGetLongRAMAddr
                  0x001f58                  _MiMAC_DiscardPacket
                  0x001f5c                  _MiMAC_ReceivedPacket
                  0x002096                  _MiMAC_SetChannel
                  0x0020be                  _InitMRF24J40
                  0x002194                  _MiMAC_SetPower
                  0x0021d8                  _MiMAC_SetAltAddress
                  0x002214                  _MiMAC_SendPacket
                  0x0023ee                  _MiMAC_Init
                  0x002402                  _MacroNop
                  0x002406                  _SendPacket
                  0x002470                  _MiApp_BroadcastPacket
                  0x00247e                  _MiApp_UnicastAddress
                  0x00248c                  _MiApp_UnicastConnection
                  0x0024aa                  _isSameAddress
                  0x0024c8                  _MiApp_StartConnection
                  0x0024d4                  _MiApp_DiscardMessage
                  0x0024da                  _MiApp_SetChannel
                  0x0024f8                  _MiApp_ProtocolInit
                  0x002552                  _DumpConnection
                  0x0025f6                  _AddConnection
                  0x00267a                  _P2PTasks
                  0x00277c                  _MiApp_MessageAvailable
                  0x002786                  _MiApp_EstablishConnection
                  0x002824                  _MiApp_ConnectionMode
                  0x002838                  _Words32ToBytes
                  0x002868                  _Simon6496KeySchedule
                  0x00290a                  _Simon6496Decrypt
                  0x0029f0                  _BoardInit
                  0x002a1e                  _LCDTRXCount
                  0x002a20                  _LCDDisplay
                  0x002a22                  _ButtonPressed
                  0x002a84                  _ConsoleInit
                  0x002a96                  _ConsolePut
                  0x002aa4                  _ConsolePutROMString
                  0x002abc                  _ConsoleGet
                  0x002aca                  _PrintChar
                  0x002ae2                  _PrintDec
                  0x002b06                  _Delay10us
                  0x002b50                  _DelayMs
                  0x002bca                  _SPIPut
                  0x002bdc                  _SPIGet
                  0x002be4                  _InitSymbolTimer
                  0x002bec                  _TickGet

External Symbols in Program Memory (by name):

                  0x0025f6                  _AddConnection
                  0x0029f0                  _BoardInit
                  0x002a22                  _ButtonPressed
                  0x001200                  _CharacterArray
                  0x002abc                  _ConsoleGet
                  0x002a84                  _ConsoleInit
                  0x002a96                  _ConsolePut
                  0x002aa4                  _ConsolePutROMString
                  0x002b06                  _Delay10us
                  0x002b50                  _DelayMs
                  0x002552                  _DumpConnection
                  0x0019aa                  _GetRSSI
                  0x0020be                  _InitMRF24J40
                  0x002be4                  _InitSymbolTimer
                  0x002a20                  _LCDDisplay
                  0x002a1e                  _LCDTRXCount
                  0x002402                  _MacroNop
                  0x002470                  _MiApp_BroadcastPacket
                  0x002824                  _MiApp_ConnectionMode
                  0x0024d4                  _MiApp_DiscardMessage
                  0x002786                  _MiApp_EstablishConnection
                  0x00277c                  _MiApp_MessageAvailable
                  0x0024f8                  _MiApp_ProtocolInit
                  0x0024da                  _MiApp_SetChannel
                  0x0024c8                  _MiApp_StartConnection
                  0x00247e                  _MiApp_UnicastAddress
                  0x00248c                  _MiApp_UnicastConnection
                  0x001f58                  _MiMAC_DiscardPacket
                  0x0023ee                  _MiMAC_Init
                  0x001f5c                  _MiMAC_ReceivedPacket
                  0x002214                  _MiMAC_SendPacket
                  0x0021d8                  _MiMAC_SetAltAddress
                  0x002096                  _MiMAC_SetChannel
                  0x002194                  _MiMAC_SetPower
                  0x00267a                  _P2PTasks
                  0x001f22                  _PHYGetLongRAMAddr
                  0x001efa                  _PHYGetShortRAMAddr
                  0x001e8e                  _PHYSetLongRAMAddr
                  0x001eca                  _PHYSetShortRAMAddr
                  0x002aca                  _PrintChar
                  0x002ae2                  _PrintDec
                  0x001210                  _PrintScreen
                  0x002bdc                  _SPIGet
                  0x002bca                  _SPIPut
                  0x002406                  _SendPacket
                  0x00290a                  _Simon6496Decrypt
                  0x002868                  _Simon6496KeySchedule
                  0x002bec                  _TickGet
                  0x002838                  _Words32ToBytes
                  0x0002c8                  __CNInterrupt
                  0x0003b6                  __DefaultInterrupt
                  0x000314                  __INT1Interrupt
                  0x0002da                  __T1Interrupt
                  0x000494                  ___addsf3
                  0x000494                  ___addsf3x
                  0x00065e                  ___divsf3
                  0x00065e                  ___divsf3x
                  0x0003bc                  ___divsi3
                  0x0003da                  ___fixunssfsi
                  0x000d22                  ___floatdisf
                  0x000d1c                  ___floatsisf
                  0x000b2c                  ___floatundisf
                  0x000410                  ___floatunsisf
                  0x00043e                  ___modsi3
                  0x00081c                  ___mulsf3
                  0x00081c                  ___mulsf3x
                  0x000482                  ___subsf3
                  0x000482                  ___subsf3x
                  0x00045c                  ___udivsi3
                  0x00047c                  ___umodsi3
                  0x000252                  __data_init
                  0x000252                  __data_init_standard
                  0x000928                  __dnrmpackf
                  0x000b8a                  __fpack
                  0x000414                  __funpack
                  0x000a0e                  __propnanf
                  0x00023c                  __psv_init
                  0x000200                  __resetPRI
                  0x0007f0                  __sdivf
                  0x000a20                  __spackf
                  0x0009da                  __typef
                  0x00097c                  __unpackdnrmf
                  0x000ac6                  __unpackf
                  0x0024aa                  _isSameAddress
                  0x000bd6                  _logf
                  0x001aa0                  _main

Memory Configuration

Name             Origin             Length             Attributes
data             0x000800           0x000600           a !xr
reset            0x000000           0x000004  
ivt              0x000004           0x0000fc  
_reserved        0x000100           0x000004  
aivt             0x000104           0x0000fc  
program          0x000200           0x002a00           xr
eedata           0x7ffe00           0x000200  
FBS              0xf80000           0x000002  
FGS              0xf80004           0x000002  
FOSCSEL          0xf80006           0x000002  
FOSC             0xf80008           0x000002  
FWDT             0xf8000a           0x000002  
FPOR             0xf8000c           0x000002  
FICD             0xf8000e           0x000002  
FDS              0xf80010           0x000002  
*default*        0x000000           0xffffffffffffffff  

Linker script and memory map

LOAD .ca/build/PRO_Comparison/production/_ext/1472/HardwareProfile.o
LOAD .ca/build/PRO_Comparison/production/_ext/1472/AccessPoint.o
LOAD .ca/build/PRO_Comparison/production/_ext/1860783399/Console.o
LOAD .ca/build/PRO_Comparison/production/_ext/1860783399/MSPI.o
LOAD .ca/build/PRO_Comparison/production/_ext/1860783399/TimeDelay.o
LOAD .ca/build/PRO_Comparison/production/_ext/35256690/MiWi.o
LOAD .ca/build/PRO_Comparison/production/_ext/1109514802/P2P.o
LOAD .ca/build/PRO_Comparison/production/_ext/1466186449/LCDBlocking.o
LOAD .ca/build/PRO_Comparison/production/_ext/1466186449/NVM.o
LOAD .ca/build/PRO_Comparison/production/_ext/1466186449/SymbolTime.o
LOAD .ca/build/PRO_Comparison/production/_ext/1127682237/crc.o
LOAD .ca/build/PRO_Comparison/production/_ext/1127682237/security.o
LOAD .ca/build/PRO_Comparison/production/_ext/1061806389/MRF24J40.o
LOAD .ca/build/PRO_Comparison/production/_ext/1696884637/MRF49XA.o
LOAD .ca/build/PRO_Comparison/production/_ext/1697003801/MRF89XA.o
                    0x0001                  __MPLAB_BUILD = 0x1
LOAD pPIC24Fxxx
LOAD /Applications/microchip/xc16/v2.00/bin/bin/../../lib/libfx-elf.a
                    0xf80000                  __FBS = 0xf80000
                    0xf80004                  __FGS = 0xf80004
                    0xf80006                  __FOSCSEL = 0xf80006
                    0xf80008                  __FOSC = 0xf80008
                    0xf8000a                  __FWDT = 0xf8000a
                    0xf8000c                  __FPOR = 0xf8000c
                    0xf8000e                  __FICD = 0xf8000e
                    0xf80010                  __FDS = 0xf80010
                    0x0001                  __NO_HANDLES = 0x1
                    0x0200                  __CODE_BASE = 0x200
                    0x2a00                  __CODE_LENGTH = 0x2a00
                    0x0004                  __IVT_BASE = 0x4
                    0x0104                  __AIVT_BASE = 0x104
                    0x0800                  __DATA_BASE = 0x800
                    0x0600                  __DATA_LENGTH = 0x600

.reset            0x000000          0x4
                  0x000000          0x2 SHORT 0x200 ABSOLUTE (__reset)
                  0x000001          0x2 SHORT 0x4
                  0x000002          0x2 SHORT 0x0 ((ABSOLUTE (__reset) >> 0x10) & 0x7f)
                  0x000003          0x2 SHORT 0x0

.text             0x000200        0xb42
 *(.init)
 .init            0x000200         0x4c /Applications/microchip/xc16/v2.00/bin/bin/../../lib/libc99-pic30-elf.a(crt0_standard.o)
                  0x000200                  __reset
                  0x000200                  __resetPRI
                  0x00023c                  __psv_init
 .init            0x00024c         0x7c /Applications/microchip/xc16/v2.00/bin/bin/../../lib/libc99-pic30-elf.a(data_init_standard.o)
                  0x000252                  __data_init
                  0x000252                  __data_init_standard
 *(.user_init)
 *(.handle)
 *(.isr*)
 .isr.text        0x0002c8         0x12 .ca/build/PRO_Comparison/production/_ext/1472/HardwareProfile.o
                  0x0002c8                  __CNInterrupt
 .isr.text        0x0002da         0x3a .ca/build/PRO_Comparison/production/_ext/1472/AccessPoint.o
                  0x0002da                  __T1Interrupt
 .isr.text        0x000314         0xa2 .ca/build/PRO_Comparison/production/_ext/1061806389/MRF24J40.o
                  0x000314                  __INT1Interrupt
 .isr             0x0003b6          0x4 default_isr
                  0x0003b6                  __DefaultInterrupt
 *(.libc)
 *(.libm)
 *(.libdsp)
 *(.lib*)
 .libpic30_crt_start_mode
                  0x0003ba          0x2 /Applications/microchip/xc16/v2.00/bin/bin/../../lib/libc99-pic30-elf.a(crt_start_mode_normal.Meo)
                  0x0003ba                  __crt_start_mode_normal
                  0x0003ba                  __crt_start_mode
 .libm.divsi3     0x0003bc         0x1e /Applications/microchip/xc16/v2.00/bin/bin/../../lib/libc99-pic30-elf.a(divsi3.XX_o)
                  0x0003bc                  ___divsi3
 .libm.fixunssfsi
                  0x0003da         0x36 /Applications/microchip/xc16/v2.00/bin/bin/../../lib/libc99-pic30-elf.a(fixunssfsi.XX_o)
                  0x0003da                  ___fixunssfsi
 .libm.floatunsisf
                  0x000410          0x4 /Applications/microchip/xc16/v2.00/bin/bin/../../lib/libc99-pic30-elf.a(floatunsisf.XX_o)
                  0x000410                  ___floatunsisf
 .libm.funpack    0x000414         0x2a /Applications/microchip/xc16/v2.00/bin/bin/../../lib/libc99-pic30-elf.a(funpack.XX_o)
                  0x000414                  __funpack
 .libm.modsi3     0x00043e         0x1e /Applications/microchip/xc16/v2.00/bin/bin/../../lib/libc99-pic30-elf.a(modsi3.XX_o)
                  0x00043e                  ___modsi3
 .libm.udivsi3    0x00045c         0x20 /Applications/microchip/xc16/v2.00/bin/bin/../../lib/libc99-pic30-elf.a(udivsi3.XX_o)
                  0x00045c                  ___udivsi3
 .libm.umodsi3    0x00047c          0x6 /Applications/microchip/xc16/v2.00/bin/bin/../../lib/libc99-pic30-elf.a(umodsi3.XX_o)
                  0x00047c                  ___umodsi3
 .libmx           0x000482        0x1dc /Applications/microchip/xc16/v2.00/bin/bin/../../lib/libc99-pic30-elf.a(addsf3x.XX_o)
                  0x000482                  ___subsf3
                  0x000482                  ___subsf3x
                  0x000494                  ___addsf3
                  0x000494                  ___addsf3x
 .libmx           0x00065e        0x1be /Applications/microchip/xc16/v2.00/bin/bin/../../lib/libc99-pic30-elf.a(divsf3x.XX_o)
                  0x00065e                  ___divsf3x
                  0x00065e                  ___divsf3
                  0x0007f0                  __sdivf
 .libmx           0x00081c        0x10c /Applications/microchip/xc16/v2.00/bin/bin/../../lib/libc99-pic30-elf.a(mulsf3x.XX_o)
                  0x00081c                  ___mulsf3
                  0x00081c                  ___mulsf3x
 .libmx           0x000928         0x54 /Applications/microchip/xc16/v2.00/bin/bin/../../lib/libc99-pic30-elf.a(dnrmpackfx.XX_o)
                  0x000928                  __dnrmpackf
 .libmx           0x00097c         0x5e /Applications/microchip/xc16/v2.00/bin/bin/../../lib/libc99-pic30-elf.a(unpackdnrmfx.XX_o)
                  0x00097c                  __unpackdnrmf
 .libmx           0x0009da         0x34 /Applications/microchip/xc16/v2.00/bin/bin/../../lib/libc99-pic30-elf.a(typefx.XX_o)
                  0x0009da                  __typef
 .libmx           0x000a0e         0x12 /Applications/microchip/xc16/v2.00/bin/bin/../../lib/libc99-pic30-elf.a(propnanfx.XX_o)
                  0x000a0e                  __propnanf
 .libmx           0x000a20         0xa6 /Applications/microchip/xc16/v2.00/bin/bin/../../lib/libc99-pic30-elf.a(spackfx.XX_o)
                  0x000a20                  __spackf
 .libmx           0x000ac6         0x66 /Applications/microchip/xc16/v2.00/bin/bin/../../lib/libc99-pic30-elf.a(unpackfx.XX_o)
                  0x000ac6                  __unpackf
 .libm.floatundisf
                  0x000b2c         0x5e /Applications/microchip/xc16/v2.00/bin/bin/../../lib/libc99-pic30-elf.a(floatundisf.XX_o)
                  0x000b2c                  ___floatundisf
 .libm.fpack      0x000b8a         0x4c /Applications/microchip/xc16/v2.00/bin/bin/../../lib/libc99-pic30-elf.a(fpack.XX_o)
                  0x000b8a                  __fpack
 .libc.logf       0x000bd6        0x146 /Applications/microchip/xc16/v2.00/bin/bin/../../lib/libm-elf.a(logf.XX_o)
                  0x000bd6                  _logf
 .libm.floatsisf
                  0x000d1c          0x6 /Applications/microchip/xc16/v2.00/bin/bin/../../lib/libc99-pic30-elf.a(floatsisf.XX_o)
                  0x000d1c                  ___floatsisf
 .libm.floatdisf
                  0x000d22         0x20 /Applications/microchip/xc16/v2.00/bin/bin/../../lib/libc99-pic30-elf.a(floatdisf.XX_o)
                  0x000d22                  ___floatdisf

usercode
 *(usercode)

__FBS
 *(__FBS.sec*)

__FGS
 *(__FGS.sec*)

__FOSCSEL         0xf80006          0x2
 *(__FOSCSEL.sec*)
 __FOSCSEL.sec    0xf80006          0x2 .ca/build/PRO_Comparison/production/_ext/1472/HardwareProfile.o

__FOSC            0xf80008          0x2
 *(__FOSC.sec*)
 __FOSC.sec       0xf80008          0x2 .ca/build/PRO_Comparison/production/_ext/1472/HardwareProfile.o

__FWDT            0xf8000a          0x2
 *(__FWDT.sec*)
 __FWDT.sec       0xf8000a          0x2 .ca/build/PRO_Comparison/production/_ext/1472/HardwareProfile.o

__FPOR            0xf8000c          0x2
 *(__FPOR.sec*)
 __FPOR.sec       0xf8000c          0x2 .ca/build/PRO_Comparison/production/_ext/1472/HardwareProfile.o

__FICD            0xf8000e          0x2
 *(__FICD.sec*)
 __FICD.sec       0xf8000e          0x2 .ca/build/PRO_Comparison/production/_ext/1472/HardwareProfile.o

__FDS
 *(__FDS.sec*)

.comment
 *(.comment)

.debug_info       0x000000       0x7575
 *(.debug_info)
 .debug_info      0x000000        0xf81 .ca/build/PRO_Comparison/production/_ext/1472/HardwareProfile.o
 .debug_info      0x000f81       0x14e5 .ca/build/PRO_Comparison/production/_ext/1472/AccessPoint.o
 .debug_info      0x002466        0x81b .ca/build/PRO_Comparison/production/_ext/1860783399/Console.o
 .debug_info      0x002c81        0x342 .ca/build/PRO_Comparison/production/_ext/1860783399/MSPI.o
 .debug_info      0x002fc3        0x25b .ca/build/PRO_Comparison/production/_ext/1860783399/TimeDelay.o
 .debug_info      0x00321e        0x17f .ca/build/PRO_Comparison/production/_ext/35256690/MiWi.o
 .debug_info      0x00339d       0x13be .ca/build/PRO_Comparison/production/_ext/1109514802/P2P.o
 .debug_info      0x00475b        0x18b .ca/build/PRO_Comparison/production/_ext/1466186449/LCDBlocking.o
 .debug_info      0x0048e6        0x183 .ca/build/PRO_Comparison/production/_ext/1466186449/NVM.o
 .debug_info      0x004a69        0x49b .ca/build/PRO_Comparison/production/_ext/1466186449/SymbolTime.o
 .debug_info      0x004f04        0x17e .ca/build/PRO_Comparison/production/_ext/1127682237/crc.o
 .debug_info      0x005082        0x2de .ca/build/PRO_Comparison/production/_ext/1127682237/security.o
 .debug_info      0x005360       0x1358 .ca/build/PRO_Comparison/production/_ext/1061806389/MRF24J40.o
 .debug_info      0x0066b8        0x18a .ca/build/PRO_Comparison/production/_ext/1696884637/MRF49XA.o
 .debug_info      0x006842        0x18a .ca/build/PRO_Comparison/production/_ext/1697003801/MRF89XA.o
 .debug_info      0x0069cc         0x8c /Applications/microchip/xc16/v2.00/bin/bin/../../lib/libc99-pic30-elf.a(divsi3.XX_o)
 .debug_info      0x006a58         0x90 /Applications/microchip/xc16/v2.00/bin/bin/../../lib/libc99-pic30-elf.a(fixunssfsi.XX_o)
 .debug_info      0x006ae8         0x91 /Applications/microchip/xc16/v2.00/bin/bin/../../lib/libc99-pic30-elf.a(floatunsisf.XX_o)
 .debug_info      0x006b79         0x8d /Applications/microchip/xc16/v2.00/bin/bin/../../lib/libc99-pic30-elf.a(funpack.XX_o)
 .debug_info      0x006c06         0x8c /Applications/microchip/xc16/v2.00/bin/bin/../../lib/libc99-pic30-elf.a(modsi3.XX_o)
 .debug_info      0x006c92         0x8d /Applications/microchip/xc16/v2.00/bin/bin/../../lib/libc99-pic30-elf.a(udivsi3.XX_o)
 .debug_info      0x006d1f         0x8d /Applications/microchip/xc16/v2.00/bin/bin/../../lib/libc99-pic30-elf.a(umodsi3.XX_o)
 .debug_info      0x006dac         0x9d /Applications/microchip/xc16/v2.00/bin/bin/../../lib/libc99-pic30-elf.a(addsf3x.XX_o)
 .debug_info      0x006e49         0x9d /Applications/microchip/xc16/v2.00/bin/bin/../../lib/libc99-pic30-elf.a(divsf3x.XX_o)
 .debug_info      0x006ee6         0x9d /Applications/microchip/xc16/v2.00/bin/bin/../../lib/libc99-pic30-elf.a(mulsf3x.XX_o)
 .debug_info      0x006f83         0xa0 /Applications/microchip/xc16/v2.00/bin/bin/../../lib/libc99-pic30-elf.a(dnrmpackfx.XX_o)
 .debug_info      0x007023         0xa2 /Applications/microchip/xc16/v2.00/bin/bin/../../lib/libc99-pic30-elf.a(unpackdnrmfx.XX_o)
 .debug_info      0x0070c5         0x9c /Applications/microchip/xc16/v2.00/bin/bin/../../lib/libc99-pic30-elf.a(typefx.XX_o)
 .debug_info      0x007161         0x9f /Applications/microchip/xc16/v2.00/bin/bin/../../lib/libc99-pic30-elf.a(propnanfx.XX_o)
 .debug_info      0x007200         0x9d /Applications/microchip/xc16/v2.00/bin/bin/../../lib/libc99-pic30-elf.a(spackfx.XX_o)
 .debug_info      0x00729d         0x9e /Applications/microchip/xc16/v2.00/bin/bin/../../lib/libc99-pic30-elf.a(unpackfx.XX_o)
 .debug_info      0x00733b         0x91 /Applications/microchip/xc16/v2.00/bin/bin/../../lib/libc99-pic30-elf.a(floatundisf.XX_o)
 .debug_info      0x0073cc         0x8b /Applications/microchip/xc16/v2.00/bin/bin/../../lib/libc99-pic30-elf.a(fpack.XX_o)
 .debug_info      0x007457         0x8f /Applications/microchip/xc16/v2.00/bin/bin/../../lib/libc99-pic30-elf.a(floatsisf.XX_o)
 .debug_info      0x0074e6         0x8f /Applications/microchip/xc16/v2.00/bin/bin/../../lib/libc99-pic30-elf.a(floatdisf.XX_o)
 *(.gnu.linkonce.wi.*)

.debug_abbrev     0x000000        0xf8b
 *(.debug_abbrev)
 .debug_abbrev    0x000000        0x1cb .ca/build/PRO_Comparison/production/_ext/1472/HardwareProfile.o
 .debug_abbrev    0x0001cb        0x1a2 .ca/build/PRO_Comparison/production/_ext/1472/AccessPoint.o
 .debug_abbrev    0x00036d        0x164 .ca/build/PRO_Comparison/production/_ext/1860783399/Console.o
 .debug_abbrev    0x0004d1         0xd0 .ca/build/PRO_Comparison/production/_ext/1860783399/MSPI.o
 .debug_abbrev    0x0005a1         0x68 .ca/build/PRO_Comparison/production/_ext/1860783399/TimeDelay.o
 .debug_abbrev    0x000609         0x1f .ca/build/PRO_Comparison/production/_ext/35256690/MiWi.o
 .debug_abbrev    0x000628        0x2c7 .ca/build/PRO_Comparison/production/_ext/1109514802/P2P.o
 .debug_abbrev    0x0008ef         0x1f .ca/build/PRO_Comparison/production/_ext/1466186449/LCDBlocking.o
 .debug_abbrev    0x00090e         0x1f .ca/build/PRO_Comparison/production/_ext/1466186449/NVM.o
 .debug_abbrev    0x00092d        0x148 .ca/build/PRO_Comparison/production/_ext/1466186449/SymbolTime.o
 .debug_abbrev    0x000a75         0x1f .ca/build/PRO_Comparison/production/_ext/1127682237/crc.o
 .debug_abbrev    0x000a94         0x8c .ca/build/PRO_Comparison/production/_ext/1127682237/security.o
 .debug_abbrev    0x000b20        0x29d .ca/build/PRO_Comparison/production/_ext/1061806389/MRF24J40.o
 .debug_abbrev    0x000dbd         0x1f .ca/build/PRO_Comparison/production/_ext/1696884637/MRF49XA.o
 .debug_abbrev    0x000ddc         0x1f .ca/build/PRO_Comparison/production/_ext/1697003801/MRF89XA.o
 .debug_abbrev    0x000dfb         0x14 /Applications/microchip/xc16/v2.00/bin/bin/../../lib/libc99-pic30-elf.a(divsi3.XX_o)
 .debug_abbrev    0x000e0f         0x14 /Applications/microchip/xc16/v2.00/bin/bin/../../lib/libc99-pic30-elf.a(fixunssfsi.XX_o)
 .debug_abbrev    0x000e23         0x14 /Applications/microchip/xc16/v2.00/bin/bin/../../lib/libc99-pic30-elf.a(floatunsisf.XX_o)
 .debug_abbrev    0x000e37         0x14 /Applications/microchip/xc16/v2.00/bin/bin/../../lib/libc99-pic30-elf.a(funpack.XX_o)
 .debug_abbrev    0x000e4b         0x14 /Applications/microchip/xc16/v2.00/bin/bin/../../lib/libc99-pic30-elf.a(modsi3.XX_o)
 .debug_abbrev    0x000e5f         0x14 /Applications/microchip/xc16/v2.00/bin/bin/../../lib/libc99-pic30-elf.a(udivsi3.XX_o)
 .debug_abbrev    0x000e73         0x14 /Applications/microchip/xc16/v2.00/bin/bin/../../lib/libc99-pic30-elf.a(umodsi3.XX_o)
 .debug_abbrev    0x000e87         0x14 /Applications/microchip/xc16/v2.00/bin/bin/../../lib/libc99-pic30-elf.a(addsf3x.XX_o)
 .debug_abbrev    0x000e9b         0x14 /Applications/microchip/xc16/v2.00/bin/bin/../../lib/libc99-pic30-elf.a(divsf3x.XX_o)
 .debug_abbrev    0x000eaf         0x14 /Applications/microchip/xc16/v2.00/bin/bin/../../lib/libc99-pic30-elf.a(mulsf3x.XX_o)
 .debug_abbrev    0x000ec3         0x14 /Applications/microchip/xc16/v2.00/bin/bin/../../lib/libc99-pic30-elf.a(dnrmpackfx.XX_o)
 .debug_abbrev    0x000ed7         0x14 /Applications/microchip/xc16/v2.00/bin/bin/../../lib/libc99-pic30-elf.a(unpackdnrmfx.XX_o)
 .debug_abbrev    0x000eeb         0x14 /Applications/microchip/xc16/v2.00/bin/bin/../../lib/libc99-pic30-elf.a(typefx.XX_o)
 .debug_abbrev    0x000eff         0x14 /Applications/microchip/xc16/v2.00/bin/bin/../../lib/libc99-pic30-elf.a(propnanfx.XX_o)
 .debug_abbrev    0x000f13         0x14 /Applications/microchip/xc16/v2.00/bin/bin/../../lib/libc99-pic30-elf.a(spackfx.XX_o)
 .debug_abbrev    0x000f27         0x14 /Applications/microchip/xc16/v2.00/bin/bin/../../lib/libc99-pic30-elf.a(unpackfx.XX_o)
 .debug_abbrev    0x000f3b         0x14 /Applications/microchip/xc16/v2.00/bin/bin/../../lib/libc99-pic30-elf.a(floatundisf.XX_o)
 .debug_abbrev    0x000f4f         0x14 /Applications/microchip/xc16/v2.00/bin/bin/../../lib/libc99-pic30-elf.a(fpack.XX_o)
 .debug_abbrev    0x000f63         0x14 /Applications/microchip/xc16/v2.00/bin/bin/../../lib/libc99-pic30-elf.a(floatsisf.XX_o)
 .debug_abbrev    0x000f77         0x14 /Applications/microchip/xc16/v2.00/bin/bin/../../lib/libc99-pic30-elf.a(floatdisf.XX_o)

.debug_line       0x000000       0x1b96
 *(.debug_line)
 .debug_line      0x000000        0x1cc .ca/build/PRO_Comparison/production/_ext/1472/HardwareProfile.o
 .debug_line      0x0001cc        0x333 .ca/build/PRO_Comparison/production/_ext/1472/AccessPoint.o
 .debug_line      0x0004ff        0x170 .ca/build/PRO_Comparison/production/_ext/1860783399/Console.o
 .debug_line      0x00066f        0x151 .ca/build/PRO_Comparison/production/_ext/1860783399/MSPI.o
 .debug_line      0x0007c0         0x9e .ca/build/PRO_Comparison/production/_ext/1860783399/TimeDelay.o
 .debug_line      0x00085e         0x1a .ca/build/PRO_Comparison/production/_ext/35256690/MiWi.o
 .debug_line      0x000878        0x382 .ca/build/PRO_Comparison/production/_ext/1109514802/P2P.o
 .debug_line      0x000bfa         0x1a .ca/build/PRO_Comparison/production/_ext/1466186449/LCDBlocking.o
 .debug_line      0x000c14         0x1a .ca/build/PRO_Comparison/production/_ext/1466186449/NVM.o
 .debug_line      0x000c2e        0x1a0 .ca/build/PRO_Comparison/production/_ext/1466186449/SymbolTime.o
 .debug_line      0x000dce         0x1a .ca/build/PRO_Comparison/production/_ext/1127682237/crc.o
 .debug_line      0x000de8         0xac .ca/build/PRO_Comparison/production/_ext/1127682237/security.o
 .debug_line      0x000e94        0x3c0 .ca/build/PRO_Comparison/production/_ext/1061806389/MRF24J40.o
 .debug_line      0x001254         0x1a .ca/build/PRO_Comparison/production/_ext/1696884637/MRF49XA.o
 .debug_line      0x00126e         0x1a .ca/build/PRO_Comparison/production/_ext/1697003801/MRF89XA.o
 .debug_line      0x001288         0x43 /Applications/microchip/xc16/v2.00/bin/bin/../../lib/libc99-pic30-elf.a(divsi3.XX_o)
 .debug_line      0x0012cb         0x53 /Applications/microchip/xc16/v2.00/bin/bin/../../lib/libc99-pic30-elf.a(fixunssfsi.XX_o)
 .debug_line      0x00131e         0x3b /Applications/microchip/xc16/v2.00/bin/bin/../../lib/libc99-pic30-elf.a(floatunsisf.XX_o)
 .debug_line      0x001359         0x4a /Applications/microchip/xc16/v2.00/bin/bin/../../lib/libc99-pic30-elf.a(funpack.XX_o)
 .debug_line      0x0013a3         0x43 /Applications/microchip/xc16/v2.00/bin/bin/../../lib/libc99-pic30-elf.a(modsi3.XX_o)
 .debug_line      0x0013e6         0x45 /Applications/microchip/xc16/v2.00/bin/bin/../../lib/libc99-pic30-elf.a(udivsi3.XX_o)
 .debug_line      0x00142b         0x38 /Applications/microchip/xc16/v2.00/bin/bin/../../lib/libc99-pic30-elf.a(umodsi3.XX_o)
 .debug_line      0x001463        0x136 /Applications/microchip/xc16/v2.00/bin/bin/../../lib/libc99-pic30-elf.a(addsf3x.XX_o)
 .debug_line      0x001599        0x124 /Applications/microchip/xc16/v2.00/bin/bin/../../lib/libc99-pic30-elf.a(divsf3x.XX_o)
 .debug_line      0x0016bd         0xcc /Applications/microchip/xc16/v2.00/bin/bin/../../lib/libc99-pic30-elf.a(mulsf3x.XX_o)
 .debug_line      0x001789         0x72 /Applications/microchip/xc16/v2.00/bin/bin/../../lib/libc99-pic30-elf.a(dnrmpackfx.XX_o)
 .debug_line      0x0017fb         0x7a /Applications/microchip/xc16/v2.00/bin/bin/../../lib/libc99-pic30-elf.a(unpackdnrmfx.XX_o)
 .debug_line      0x001875         0x5e /Applications/microchip/xc16/v2.00/bin/bin/../../lib/libc99-pic30-elf.a(typefx.XX_o)
 .debug_line      0x0018d3         0x51 /Applications/microchip/xc16/v2.00/bin/bin/../../lib/libc99-pic30-elf.a(propnanfx.XX_o)
 .debug_line      0x001924         0x98 /Applications/microchip/xc16/v2.00/bin/bin/../../lib/libc99-pic30-elf.a(spackfx.XX_o)
 .debug_line      0x0019bc         0x79 /Applications/microchip/xc16/v2.00/bin/bin/../../lib/libc99-pic30-elf.a(unpackfx.XX_o)
 .debug_line      0x001a35         0x1a /Applications/microchip/xc16/v2.00/bin/bin/../../lib/libc99-pic30-elf.a(errno.XX_o)
 .debug_line      0x001a4f         0x6c /Applications/microchip/xc16/v2.00/bin/bin/../../lib/libc99-pic30-elf.a(floatundisf.XX_o)
 .debug_line      0x001abb         0x5a /Applications/microchip/xc16/v2.00/bin/bin/../../lib/libc99-pic30-elf.a(fpack.XX_o)
 .debug_line      0x001b15         0x3a /Applications/microchip/xc16/v2.00/bin/bin/../../lib/libc99-pic30-elf.a(floatsisf.XX_o)
 .debug_line      0x001b4f         0x47 /Applications/microchip/xc16/v2.00/bin/bin/../../lib/libc99-pic30-elf.a(floatdisf.XX_o)

.debug_frame      0x000000        0x622
 *(.debug_frame)
 .debug_frame     0x000000         0x80 .ca/build/PRO_Comparison/production/_ext/1472/HardwareProfile.o
 .debug_frame     0x000080         0x9e .ca/build/PRO_Comparison/production/_ext/1472/AccessPoint.o
 .debug_frame     0x00011e         0x9a .ca/build/PRO_Comparison/production/_ext/1860783399/Console.o
 .debug_frame     0x0001b8         0x34 .ca/build/PRO_Comparison/production/_ext/1860783399/MSPI.o
 .debug_frame     0x0001ec         0x52 .ca/build/PRO_Comparison/production/_ext/1860783399/TimeDelay.o
 .debug_frame     0x00023e        0x19a .ca/build/PRO_Comparison/production/_ext/1109514802/P2P.o
 .debug_frame     0x0003d8         0x34 .ca/build/PRO_Comparison/production/_ext/1466186449/SymbolTime.o
 .debug_frame     0x00040c         0x90 .ca/build/PRO_Comparison/production/_ext/1127682237/security.o
 .debug_frame     0x00049c        0x186 .ca/build/PRO_Comparison/production/_ext/1061806389/MRF24J40.o

.debug_str        0x000000        0x400
 *(.debug_str)
 .debug_str       0x000000         0x96 .ca/build/PRO_Comparison/production/_ext/1472/HardwareProfile.o
 .debug_str       0x000096        0x13d .ca/build/PRO_Comparison/production/_ext/1472/AccessPoint.o
 .debug_str       0x0001d3         0x2d .ca/build/PRO_Comparison/production/_ext/1860783399/Console.o
 .debug_str       0x000200          0x9 .ca/build/PRO_Comparison/production/_ext/1860783399/MSPI.o
 .debug_str       0x000209        0x106 .ca/build/PRO_Comparison/production/_ext/1109514802/P2P.o
 .debug_str       0x00030f          0xa .ca/build/PRO_Comparison/production/_ext/1466186449/SymbolTime.o
 .debug_str       0x000319         0xe7 .ca/build/PRO_Comparison/production/_ext/1061806389/MRF24J40.o

.debug_loc
 *(.debug_loc)

.debug_macinfo
 *(.debug_macinfo)

.debug_pubnames
                  0x000000        0x8cd
 *(.debug_pubnames)
 .debug_pubnames
                  0x000000         0xfe .ca/build/PRO_Comparison/production/_ext/1472/HardwareProfile.o
 .debug_pubnames
                  0x0000fe        0x257 .ca/build/PRO_Comparison/production/_ext/1472/AccessPoint.o
 .debug_pubnames
                  0x000355         0x86 .ca/build/PRO_Comparison/production/_ext/1860783399/Console.o
 .debug_pubnames
                  0x0003db         0x28 .ca/build/PRO_Comparison/production/_ext/1860783399/MSPI.o
 .debug_pubnames
                  0x000403         0x2c .ca/build/PRO_Comparison/production/_ext/1860783399/TimeDelay.o
 .debug_pubnames
                  0x00042f        0x231 .ca/build/PRO_Comparison/production/_ext/1109514802/P2P.o
 .debug_pubnames
                  0x000660         0x5a .ca/build/PRO_Comparison/production/_ext/1466186449/SymbolTime.o
 .debug_pubnames
                  0x0006ba         0x53 .ca/build/PRO_Comparison/production/_ext/1127682237/security.o
 .debug_pubnames
                  0x00070d        0x1c0 .ca/build/PRO_Comparison/production/_ext/1061806389/MRF24J40.o

.debug_ranges
 *(.debug_ranges)

.debug_aranges    0x000000        0x2b8
 *(.debug_aranges)
 .debug_aranges
                  0x000000         0x18 .ca/build/PRO_Comparison/production/_ext/1472/HardwareProfile.o
 .debug_aranges
                  0x000018         0x18 .ca/build/PRO_Comparison/production/_ext/1472/AccessPoint.o
 .debug_aranges
                  0x000030         0x18 .ca/build/PRO_Comparison/production/_ext/1860783399/Console.o
 .debug_aranges
                  0x000048         0x18 .ca/build/PRO_Comparison/production/_ext/1860783399/MSPI.o
 .debug_aranges
                  0x000060         0x18 .ca/build/PRO_Comparison/production/_ext/1860783399/TimeDelay.o
 .debug_aranges
                  0x000078         0x18 .ca/build/PRO_Comparison/production/_ext/1109514802/P2P.o
 .debug_aranges
                  0x000090         0x18 .ca/build/PRO_Comparison/production/_ext/1466186449/SymbolTime.o
 .debug_aranges
                  0x0000a8         0x18 .ca/build/PRO_Comparison/production/_ext/1127682237/security.o
 .debug_aranges
                  0x0000c0         0x18 .ca/build/PRO_Comparison/production/_ext/1061806389/MRF24J40.o
 .debug_aranges
                  0x0000d8         0x18 /Applications/microchip/xc16/v2.00/bin/bin/../../lib/libc99-pic30-elf.a(divsi3.XX_o)
 .debug_aranges
                  0x0000f0         0x18 /Applications/microchip/xc16/v2.00/bin/bin/../../lib/libc99-pic30-elf.a(fixunssfsi.XX_o)
 .debug_aranges
                  0x000108         0x18 /Applications/microchip/xc16/v2.00/bin/bin/../../lib/libc99-pic30-elf.a(floatunsisf.XX_o)
 .debug_aranges
                  0x000120         0x18 /Applications/microchip/xc16/v2.00/bin/bin/../../lib/libc99-pic30-elf.a(funpack.XX_o)
 .debug_aranges
                  0x000138         0x18 /Applications/microchip/xc16/v2.00/bin/bin/../../lib/libc99-pic30-elf.a(modsi3.XX_o)
 .debug_aranges
                  0x000150         0x18 /Applications/microchip/xc16/v2.00/bin/bin/../../lib/libc99-pic30-elf.a(udivsi3.XX_o)
 .debug_aranges
                  0x000168         0x18 /Applications/microchip/xc16/v2.00/bin/bin/../../lib/libc99-pic30-elf.a(umodsi3.XX_o)
 .debug_aranges
                  0x000180         0x18 /Applications/microchip/xc16/v2.00/bin/bin/../../lib/libc99-pic30-elf.a(addsf3x.XX_o)
 .debug_aranges
                  0x000198         0x18 /Applications/microchip/xc16/v2.00/bin/bin/../../lib/libc99-pic30-elf.a(divsf3x.XX_o)
 .debug_aranges
                  0x0001b0         0x18 /Applications/microchip/xc16/v2.00/bin/bin/../../lib/libc99-pic30-elf.a(mulsf3x.XX_o)
 .debug_aranges
                  0x0001c8         0x18 /Applications/microchip/xc16/v2.00/bin/bin/../../lib/libc99-pic30-elf.a(dnrmpackfx.XX_o)
 .debug_aranges
                  0x0001e0         0x18 /Applications/microchip/xc16/v2.00/bin/bin/../../lib/libc99-pic30-elf.a(unpackdnrmfx.XX_o)
 .debug_aranges
                  0x0001f8         0x18 /Applications/microchip/xc16/v2.00/bin/bin/../../lib/libc99-pic30-elf.a(typefx.XX_o)
 .debug_aranges
                  0x000210         0x18 /Applications/microchip/xc16/v2.00/bin/bin/../../lib/libc99-pic30-elf.a(propnanfx.XX_o)
 .debug_aranges
                  0x000228         0x18 /Applications/microchip/xc16/v2.00/bin/bin/../../lib/libc99-pic30-elf.a(spackfx.XX_o)
 .debug_aranges
                  0x000240         0x18 /Applications/microchip/xc16/v2.00/bin/bin/../../lib/libc99-pic30-elf.a(unpackfx.XX_o)
 .debug_aranges
                  0x000258         0x18 /Applications/microchip/xc16/v2.00/bin/bin/../../lib/libc99-pic30-elf.a(floatundisf.XX_o)
 .debug_aranges
                  0x000270         0x18 /Applications/microchip/xc16/v2.00/bin/bin/../../lib/libc99-pic30-elf.a(fpack.XX_o)
 .debug_aranges
                  0x000288         0x18 /Applications/microchip/xc16/v2.00/bin/bin/../../lib/libc99-pic30-elf.a(floatsisf.XX_o)
 .debug_aranges
                  0x0002a0         0x18 /Applications/microchip/xc16/v2.00/bin/bin/../../lib/libc99-pic30-elf.a(floatdisf.XX_o)
                    0x0000                  WREG0 = 0x0
                    0x0000                  _WREG0 = 0x0
                    0x0002                  WREG1 = 0x2
                    0x0002                  _WREG1 = 0x2
                    0x0004                  WREG2 = 0x4
                    0x0004                  _WREG2 = 0x4
                    0x0006                  WREG3 = 0x6
                    0x0006                  _WREG3 = 0x6
                    0x0008                  WREG4 = 0x8
                    0x0008                  _WREG4 = 0x8
                    0x000a                  WREG5 = 0xa
                    0x000a                  _WREG5 = 0xa
                    0x000c                  WREG6 = 0xc
                    0x000c                  _WREG6 = 0xc
                    0x000e                  WREG7 = 0xe
                    0x000e                  _WREG7 = 0xe
                    0x0010                  WREG8 = 0x10
                    0x0010                  _WREG8 = 0x10
                    0x0012                  WREG9 = 0x12
                    0x0012                  _WREG9 = 0x12
                    0x0014                  WREG10 = 0x14
                    0x0014                  _WREG10 = 0x14
                    0x0016                  WREG11 = 0x16
                    0x0016                  _WREG11 = 0x16
                    0x0018                  WREG12 = 0x18
                    0x0018                  _WREG12 = 0x18
                    0x001a                  WREG13 = 0x1a
                    0x001a                  _WREG13 = 0x1a
                    0x001c                  WREG14 = 0x1c
                    0x001c                  _WREG14 = 0x1c
                    0x001e                  WREG15 = 0x1e
                    0x001e                  _WREG15 = 0x1e
                    0x0020                  SPLIM = 0x20
                    0x0020                  _SPLIM = 0x20
                    0x002e                  PCL = 0x2e
                    0x002e                  _PCL = 0x2e
                    0x0030                  PCH = 0x30
                    0x0030                  _PCH = 0x30
                    0x0032                  TBLPAG = 0x32
                    0x0032                  _TBLPAG = 0x32
                    0x0034                  PSVPAG = 0x34
                    0x0034                  _PSVPAG = 0x34
                    0x0036                  RCOUNT = 0x36
                    0x0036                  _RCOUNT = 0x36
                    0x0042                  SR = 0x42
                    0x0042                  _SR = 0x42
                    0x0042                  _SRbits = 0x42
                    0x0044                  CORCON = 0x44
                    0x0044                  _CORCON = 0x44
                    0x0044                  _CORCONbits = 0x44
                    0x0052                  DISICNT = 0x52
                    0x0052                  _DISICNT = 0x52
                    0x0060                  CNEN1 = 0x60
                    0x0060                  _CNEN1 = 0x60
                    0x0060                  _CNEN1bits = 0x60
                    0x0062                  CNEN2 = 0x62
                    0x0062                  _CNEN2 = 0x62
                    0x0062                  _CNEN2bits = 0x62
                    0x0068                  CNPU1 = 0x68
                    0x0068                  _CNPU1 = 0x68
                    0x0068                  _CNPU1bits = 0x68
                    0x006a                  CNPU2 = 0x6a
                    0x006a                  _CNPU2 = 0x6a
                    0x006a                  _CNPU2bits = 0x6a
                    0x0070                  CNPD1 = 0x70
                    0x0070                  _CNPD1 = 0x70
                    0x0070                  _CNPD1bits = 0x70
                    0x0072                  CNPD2 = 0x72
                    0x0072                  _CNPD2 = 0x72
                    0x0072                  _CNPD2bits = 0x72
                    0x0080                  INTCON1 = 0x80
                    0x0080                  _INTCON1 = 0x80
                    0x0080                  _INTCON1bits = 0x80
                    0x0082                  INTCON2 = 0x82
                    0x0082                  _INTCON2 = 0x82
                    0x0082                  _INTCON2bits = 0x82
                    0x0084                  IFS0 = 0x84
                    0x0084                  _IFS0 = 0x84
                    0x0084                  _IFS0bits = 0x84
                    0x0086                  IFS1 = 0x86
                    0x0086                  _IFS1 = 0x86
                    0x0086                  _IFS1bits = 0x86
                    0x008a                  IFS3 = 0x8a
                    0x008a                  _IFS3 = 0x8a
                    0x008a                  _IFS3bits = 0x8a
                    0x008c                  IFS4 = 0x8c
                    0x008c                  _IFS4 = 0x8c
                    0x008c                  _IFS4bits = 0x8c
                    0x0094                  IEC0 = 0x94
                    0x0094                  _IEC0 = 0x94
                    0x0094                  _IEC0bits = 0x94
                    0x0096                  IEC1 = 0x96
                    0x0096                  _IEC1 = 0x96
                    0x0096                  _IEC1bits = 0x96
                    0x009a                  IEC3 = 0x9a
                    0x009a                  _IEC3 = 0x9a
                    0x009a                  _IEC3bits = 0x9a
                    0x009c                  IEC4 = 0x9c
                    0x009c                  _IEC4 = 0x9c
                    0x009c                  _IEC4bits = 0x9c
                    0x00a4                  IPC0 = 0xa4
                    0x00a4                  _IPC0 = 0xa4
                    0x00a4                  _IPC0bits = 0xa4
                    0x00a6                  IPC1 = 0xa6
                    0x00a6                  _IPC1 = 0xa6
                    0x00a6                  _IPC1bits = 0xa6
                    0x00a8                  IPC2 = 0xa8
                    0x00a8                  _IPC2 = 0xa8
                    0x00a8                  _IPC2bits = 0xa8
                    0x00aa                  IPC3 = 0xaa
                    0x00aa                  _IPC3 = 0xaa
                    0x00aa                  _IPC3bits = 0xaa
                    0x00ac                  IPC4 = 0xac
                    0x00ac                  _IPC4 = 0xac
                    0x00ac                  _IPC4bits = 0xac
                    0x00ae                  IPC5 = 0xae
                    0x00ae                  _IPC5 = 0xae
                    0x00ae                  _IPC5bits = 0xae
                    0x00b2                  IPC7 = 0xb2
                    0x00b2                  _IPC7 = 0xb2
                    0x00b2                  _IPC7bits = 0xb2
                    0x00c2                  IPC15 = 0xc2
                    0x00c2                  _IPC15 = 0xc2
                    0x00c2                  _IPC15bits = 0xc2
                    0x00c4                  IPC16 = 0xc4
                    0x00c4                  _IPC16 = 0xc4
                    0x00c4                  _IPC16bits = 0xc4
                    0x00c8                  IPC18 = 0xc8
                    0x00c8                  _IPC18 = 0xc8
                    0x00c8                  _IPC18bits = 0xc8
                    0x00ca                  IPC19 = 0xca
                    0x00ca                  _IPC19 = 0xca
                    0x00ca                  _IPC19bits = 0xca
                    0x00e0                  INTTREG = 0xe0
                    0x00e0                  _INTTREG = 0xe0
                    0x00e0                  _INTTREGbits = 0xe0
                    0x0100                  TMR1 = 0x100
                    0x0100                  _TMR1 = 0x100
                    0x0102                  PR1 = 0x102
                    0x0102                  _PR1 = 0x102
                    0x0104                  T1CON = 0x104
                    0x0104                  _T1CON = 0x104
                    0x0104                  _T1CONbits = 0x104
                    0x0106                  TMR2 = 0x106
                    0x0106                  _TMR2 = 0x106
                    0x0108                  TMR3HLD = 0x108
                    0x0108                  _TMR3HLD = 0x108
                    0x010a                  TMR3 = 0x10a
                    0x010a                  _TMR3 = 0x10a
                    0x010c                  PR2 = 0x10c
                    0x010c                  _PR2 = 0x10c
                    0x010e                  PR3 = 0x10e
                    0x010e                  _PR3 = 0x10e
                    0x0110                  T2CON = 0x110
                    0x0110                  _T2CON = 0x110
                    0x0110                  _T2CONbits = 0x110
                    0x0112                  T3CON = 0x112
                    0x0112                  _T3CON = 0x112
                    0x0112                  _T3CONbits = 0x112
                    0x0140                  IC1BUF = 0x140
                    0x0140                  _IC1BUF = 0x140
                    0x0142                  IC1CON = 0x142
                    0x0142                  _IC1CON = 0x142
                    0x0142                  _IC1CONbits = 0x142
                    0x0180                  OC1RS = 0x180
                    0x0180                  _OC1RS = 0x180
                    0x0182                  OC1R = 0x182
                    0x0182                  _OC1R = 0x182
                    0x0184                  OC1CON = 0x184
                    0x0184                  _OC1CON = 0x184
                    0x0184                  _OC1CONbits = 0x184
                    0x0200                  I2C1RCV = 0x200
                    0x0200                  _I2C1RCV = 0x200
                    0x0202                  I2C1TRN = 0x202
                    0x0202                  _I2C1TRN = 0x202
                    0x0204                  I2C1BRG = 0x204
                    0x0204                  _I2C1BRG = 0x204
                    0x0206                  I2C1CON = 0x206
                    0x0206                  _I2C1CON = 0x206
                    0x0206                  _I2C1CONbits = 0x206
                    0x0208                  I2C1STAT = 0x208
                    0x0208                  _I2C1STAT = 0x208
                    0x0208                  _I2C1STATbits = 0x208
                    0x020a                  I2C1ADD = 0x20a
                    0x020a                  _I2C1ADD = 0x20a
                    0x020c                  I2C1MSK = 0x20c
                    0x020c                  _I2C1MSK = 0x20c
                    0x020c                  _I2C1MSKbits = 0x20c
                    0x0220                  U1MODE = 0x220
                    0x0220                  _U1MODE = 0x220
                    0x0220                  _U1MODEbits = 0x220
                    0x0222                  U1STA = 0x222
                    0x0222                  _U1STA = 0x222
                    0x0222                  _U1STAbits = 0x222
                    0x0224                  U1TXREG = 0x224
                    0x0224                  _U1TXREG = 0x224
                    0x0226                  U1RXREG = 0x226
                    0x0226                  _U1RXREG = 0x226
                    0x0228                  U1BRG = 0x228
                    0x0228                  _U1BRG = 0x228
                    0x0230                  U2MODE = 0x230
                    0x0230                  _U2MODE = 0x230
                    0x0230                  _U2MODEbits = 0x230
                    0x0232                  U2STA = 0x232
                    0x0232                  _U2STA = 0x232
                    0x0232                  _U2STAbits = 0x232
                    0x0234                  U2TXREG = 0x234
                    0x0234                  _U2TXREG = 0x234
                    0x0236                  U2RXREG = 0x236
                    0x0236                  _U2RXREG = 0x236
                    0x0238                  U2BRG = 0x238
                    0x0238                  _U2BRG = 0x238
                    0x0240                  SPI1STAT = 0x240
                    0x0240                  _SPI1STAT = 0x240
                    0x0240                  _SPI1STATbits = 0x240
                    0x0242                  SPI1CON1 = 0x242
                    0x0242                  _SPI1CON1 = 0x242
                    0x0242                  _SPI1CON1bits = 0x242
                    0x0244                  SPI1CON2 = 0x244
                    0x0244                  _SPI1CON2 = 0x244
                    0x0244                  _SPI1CON2bits = 0x244
                    0x0248                  SPI1BUF = 0x248
                    0x0248                  _SPI1BUF = 0x248
                    0x02c0                  TRISA = 0x2c0
                    0x02c0                  _TRISA = 0x2c0
                    0x02c0                  _TRISAbits = 0x2c0
                    0x02c2                  PORTA = 0x2c2
                    0x02c2                  _PORTA = 0x2c2
                    0x02c2                  _PORTAbits = 0x2c2
                    0x02c4                  LATA = 0x2c4
                    0x02c4                  _LATA = 0x2c4
                    0x02c4                  _LATAbits = 0x2c4
                    0x02c6                  ODCA = 0x2c6
                    0x02c6                  _ODCA = 0x2c6
                    0x02c6                  _ODCAbits = 0x2c6
                    0x02c8                  TRISB = 0x2c8
                    0x02c8                  _TRISB = 0x2c8
                    0x02c8                  _TRISBbits = 0x2c8
                    0x02ca                  PORTB = 0x2ca
                    0x02ca                  _PORTB = 0x2ca
                    0x02ca                  _PORTBbits = 0x2ca
                    0x02cc                  LATB = 0x2cc
                    0x02cc                  _LATB = 0x2cc
                    0x02cc                  _LATBbits = 0x2cc
                    0x02ce                  ODCB = 0x2ce
                    0x02ce                  _ODCB = 0x2ce
                    0x02ce                  _ODCBbits = 0x2ce
                    0x02fc                  PADCFG1 = 0x2fc
                    0x02fc                  _PADCFG1 = 0x2fc
                    0x02fc                  _PADCFG1bits = 0x2fc
                    0x0300                  ADC1BUF0 = 0x300
                    0x0300                  _ADC1BUF0 = 0x300
                    0x0302                  ADC1BUF1 = 0x302
                    0x0302                  _ADC1BUF1 = 0x302
                    0x0304                  ADC1BUF2 = 0x304
                    0x0304                  _ADC1BUF2 = 0x304
                    0x0306                  ADC1BUF3 = 0x306
                    0x0306                  _ADC1BUF3 = 0x306
                    0x0308                  ADC1BUF4 = 0x308
                    0x0308                  _ADC1BUF4 = 0x308
                    0x030a                  ADC1BUF5 = 0x30a
                    0x030a                  _ADC1BUF5 = 0x30a
                    0x030c                  ADC1BUF6 = 0x30c
                    0x030c                  _ADC1BUF6 = 0x30c
                    0x030e                  ADC1BUF7 = 0x30e
                    0x030e                  _ADC1BUF7 = 0x30e
                    0x0310                  ADC1BUF8 = 0x310
                    0x0310                  _ADC1BUF8 = 0x310
                    0x0312                  ADC1BUF9 = 0x312
                    0x0312                  _ADC1BUF9 = 0x312
                    0x0314                  ADC1BUFA = 0x314
                    0x0314                  _ADC1BUFA = 0x314
                    0x0316                  ADC1BUFB = 0x316
                    0x0316                  _ADC1BUFB = 0x316
                    0x0318                  ADC1BUFC = 0x318
                    0x0318                  _ADC1BUFC = 0x318
                    0x031a                  ADC1BUFD = 0x31a
                    0x031a                  _ADC1BUFD = 0x31a
                    0x031c                  ADC1BUFE = 0x31c
                    0x031c                  _ADC1BUFE = 0x31c
                    0x031e                  ADC1BUFF = 0x31e
                    0x031e                  _ADC1BUFF = 0x31e
                    0x0320                  AD1CON1 = 0x320
                    0x0320                  _AD1CON1 = 0x320
                    0x0320                  _AD1CON1bits = 0x320
                    0x0322                  AD1CON2 = 0x322
                    0x0322                  _AD1CON2 = 0x322
                    0x0322                  _AD1CON2bits = 0x322
                    0x0324                  AD1CON3 = 0x324
                    0x0324                  _AD1CON3 = 0x324
                    0x0324                  _AD1CON3bits = 0x324
                    0x0328                  AD1CHS = 0x328
                    0x0328                  _AD1CHS = 0x328
                    0x0328                  _AD1CHSbits = 0x328
                    0x032c                  AD1PCFG = 0x32c
                    0x032c                  _AD1PCFG = 0x32c
                    0x032c                  _AD1PCFGbits = 0x32c
                    0x0330                  AD1CSSL = 0x330
                    0x0330                  _AD1CSSL = 0x330
                    0x0330                  _AD1CSSLbits = 0x330
                    0x033c                  CTMUCON = 0x33c
                    0x033c                  _CTMUCON = 0x33c
                    0x033c                  _CTMUCONbits = 0x33c
                    0x033e                  CTMUICON = 0x33e
                    0x033e                  _CTMUICON = 0x33e
                    0x033e                  _CTMUICONbits = 0x33e
                    0x0620                  ALRMVAL = 0x620
                    0x0620                  _ALRMVAL = 0x620
                    0x0622                  ALCFGRPT = 0x622
                    0x0622                  _ALCFGRPT = 0x622
                    0x0622                  _ALCFGRPTbits = 0x622
                    0x0624                  RTCVAL = 0x624
                    0x0624                  _RTCVAL = 0x624
                    0x0626                  RCFGCAL = 0x626
                    0x0626                  _RCFGCAL = 0x626
                    0x0626                  _RCFGCALbits = 0x626
                    0x0630                  CMSTAT = 0x630
                    0x0630                  _CMSTAT = 0x630
                    0x0630                  _CMSTATbits = 0x630
                    0x0632                  CVRCON = 0x632
                    0x0632                  _CVRCON = 0x632
                    0x0632                  _CVRCONbits = 0x632
                    0x0634                  CM1CON = 0x634
                    0x0634                  _CM1CON = 0x634
                    0x0634                  _CM1CONbits = 0x634
                    0x0636                  CM2CON = 0x636
                    0x0636                  _CM2CON = 0x636
                    0x0636                  _CM2CONbits = 0x636
                    0x0640                  CRCCON = 0x640
                    0x0640                  _CRCCON = 0x640
                    0x0640                  _CRCCONbits = 0x640
                    0x0642                  CRCXOR = 0x642
                    0x0642                  _CRCXOR = 0x642
                    0x0644                  CRCDAT = 0x644
                    0x0644                  _CRCDAT = 0x644
                    0x0646                  CRCWDAT = 0x646
                    0x0646                  _CRCWDAT = 0x646
                    0x0740                  RCON = 0x740
                    0x0740                  _RCON = 0x740
                    0x0740                  _RCONbits = 0x740
                    0x0742                  OSCCON = 0x742
                    0x0742                  _OSCCON = 0x742
                    0x0742                  _OSCCONbits = 0x742
                    0x0742                  OSCCONL = 0x742
                    0x0742                  _OSCCONL = 0x742
                    0x0743                  OSCCONH = 0x743
                    0x0743                  _OSCCONH = 0x743
                    0x0744                  CLKDIV = 0x744
                    0x0744                  _CLKDIV = 0x744
                    0x0744                  _CLKDIVbits = 0x744
                    0x0748                  OSCTUN = 0x748
                    0x0748                  _OSCTUN = 0x748
                    0x0748                  _OSCTUNbits = 0x748
                    0x074e                  REFOCON = 0x74e
                    0x074e                  _REFOCON = 0x74e
                    0x074e                  _REFOCONbits = 0x74e
                    0x0756                  HLVDCON = 0x756
                    0x0756                  _HLVDCON = 0x756
                    0x0756                  _HLVDCONbits = 0x756
                    0x0758                  DSCON = 0x758
                    0x0758                  _DSCON = 0x758
                    0x0758                  _DSCONbits = 0x758
                    0x075a                  DSWAKE = 0x75a
                    0x075a                  _DSWAKE = 0x75a
                    0x075a                  _DSWAKEbits = 0x75a
                    0x075a                  DSWSRC = 0x75a
                    0x075a                  _DSWSRC = 0x75a
                    0x075a                  _DSWSRCbits = 0x75a
                    0x075c                  DSGPR0 = 0x75c
                    0x075c                  _DSGPR0 = 0x75c
                    0x075e                  DSGPR1 = 0x75e
                    0x075e                  _DSGPR1 = 0x75e
                    0x0760                  NVMCON = 0x760
                    0x0760                  _NVMCON = 0x760
                    0x0760                  _NVMCONbits = 0x760
                    0x0766                  NVMKEY = 0x766
                    0x0766                  _NVMKEY = 0x766
                    0x0766                  _NVMKEYbits = 0x766
                    0x0770                  PMD1 = 0x770
                    0x0770                  _PMD1 = 0x770
                    0x0770                  _PMD1bits = 0x770
                    0x0772                  PMD2 = 0x772
                    0x0772                  _PMD2 = 0x772
                    0x0772                  _PMD2bits = 0x772
                    0x0774                  PMD3 = 0x774
                    0x0774                  _PMD3 = 0x774
                    0x0774                  _PMD3bits = 0x774
                    0x0776                  PMD4 = 0x776
                    0x0776                  _PMD4 = 0x776
                    0x0776                  _PMD4bits = 0x776
                    0x0140                  IC1 = 0x140
                    0x0140                  _IC1 = 0x140
                    0x0180                  OC1 = 0x180
                    0x0180                  _OC1 = 0x180
                    0x0240                  SPI1 = 0x240
                    0x0240                  _SPI1 = 0x240
                    0x0220                  UART1 = 0x220
                    0x0220                  _UART1 = 0x220
                    0x0230                  UART2 = 0x230
                    0x0230                  _UART2 = 0x230
START GROUP
LOAD /Applications/microchip/xc16/v2.00/bin/bin/../../lib/libc99-pic30-elf.a
LOAD /Applications/microchip/xc16/v2.00/bin/bin/../../lib/libm-elf.a
LOAD /Applications/microchip/xc16/v2.00/bin/bin/../../lib/libc99-elf.a
END GROUP
OUTPUT(.ca/dist/PRO_Comparison/production/Access_Point.X.production.elf elf32-pic30)
LOAD default_isr
LOAD data_init

.debug_pubtypes
                  0x0002b8        0x7c1
 .debug_pubtypes
                  0x0002b8        0x196 .ca/build/PRO_Comparison/production/_ext/1472/HardwareProfile.o
 .debug_pubtypes
                  0x00044e        0x111 .ca/build/PRO_Comparison/production/_ext/1472/AccessPoint.o
 .debug_pubtypes
                  0x00055f         0x85 .ca/build/PRO_Comparison/production/_ext/1860783399/Console.o
 .debug_pubtypes
                  0x0005e4         0x45 .ca/build/PRO_Comparison/production/_ext/1860783399/MSPI.o
 .debug_pubtypes
                  0x000629         0x3c .ca/build/PRO_Comparison/production/_ext/1860783399/TimeDelay.o
 .debug_pubtypes
                  0x000665         0x12 .ca/build/PRO_Comparison/production/_ext/35256690/MiWi.o
 .debug_pubtypes
                  0x000677        0x183 .ca/build/PRO_Comparison/production/_ext/1109514802/P2P.o
 .debug_pubtypes
                  0x0007fa         0x12 .ca/build/PRO_Comparison/production/_ext/1466186449/LCDBlocking.o
 .debug_pubtypes
                  0x00080c         0x12 .ca/build/PRO_Comparison/production/_ext/1466186449/NVM.o
 .debug_pubtypes
                  0x00081e         0x8d .ca/build/PRO_Comparison/production/_ext/1466186449/SymbolTime.o
 .debug_pubtypes
                  0x0008ab         0x12 .ca/build/PRO_Comparison/production/_ext/1127682237/crc.o
 .debug_pubtypes
                  0x0008bd         0x2f .ca/build/PRO_Comparison/production/_ext/1127682237/security.o
 .debug_pubtypes
                  0x0008ec        0x169 .ca/build/PRO_Comparison/production/_ext/1061806389/MRF24J40.o
 .debug_pubtypes
                  0x000a55         0x12 .ca/build/PRO_Comparison/production/_ext/1696884637/MRF49XA.o
 .debug_pubtypes
                  0x000a67         0x12 .ca/build/PRO_Comparison/production/_ext/1697003801/MRF89XA.o

__c30_signature
                  0x000a79         0xba
 __c30_signature
                  0x000a79          0x6 .ca/build/PRO_Comparison/production/_ext/1472/HardwareProfile.o
 __c30_signature
                  0x000a7f          0x6 .ca/build/PRO_Comparison/production/_ext/1472/AccessPoint.o
 __c30_signature
                  0x000a85          0x6 .ca/build/PRO_Comparison/production/_ext/1860783399/Console.o
 __c30_signature
                  0x000a8b          0x6 .ca/build/PRO_Comparison/production/_ext/1860783399/MSPI.o
 __c30_signature
                  0x000a91          0x6 .ca/build/PRO_Comparison/production/_ext/1860783399/TimeDelay.o
 __c30_signature
                  0x000a97          0x6 .ca/build/PRO_Comparison/production/_ext/35256690/MiWi.o
 __c30_signature
                  0x000a9d          0x6 .ca/build/PRO_Comparison/production/_ext/1109514802/P2P.o
 __c30_signature
                  0x000aa3          0x6 .ca/build/PRO_Comparison/production/_ext/1466186449/LCDBlocking.o
 __c30_signature
                  0x000aa9          0x6 .ca/build/PRO_Comparison/production/_ext/1466186449/NVM.o
 __c30_signature
                  0x000aaf          0x6 .ca/build/PRO_Comparison/production/_ext/1466186449/SymbolTime.o
 __c30_signature
                  0x000ab5          0x6 .ca/build/PRO_Comparison/production/_ext/1127682237/crc.o
 __c30_signature
                  0x000abb          0x6 .ca/build/PRO_Comparison/production/_ext/1127682237/security.o
 __c30_signature
                  0x000ac1          0x6 .ca/build/PRO_Comparison/production/_ext/1061806389/MRF24J40.o
 __c30_signature
                  0x000ac7          0x6 .ca/build/PRO_Comparison/production/_ext/1696884637/MRF49XA.o
 __c30_signature
                  0x000acd          0x6 .ca/build/PRO_Comparison/production/_ext/1697003801/MRF89XA.o
 __c30_signature
                  0x000ad3          0x6 /Applications/microchip/xc16/v2.00/bin/bin/../../lib/libc99-pic30-elf.a(crt0_standard.o)
 __c30_signature
                  0x000ad9          0x6 /Applications/microchip/xc16/v2.00/bin/bin/../../lib/libc99-pic30-elf.a(data_init_standard.o)
 __c30_signature
                  0x000adf          0x6 /Applications/microchip/xc16/v2.00/bin/bin/../../lib/libc99-pic30-elf.a(divsi3.XX_o)
 __c30_signature
                  0x000ae5          0x6 /Applications/microchip/xc16/v2.00/bin/bin/../../lib/libc99-pic30-elf.a(fixunssfsi.XX_o)
 __c30_signature
                  0x000aeb          0x6 /Applications/microchip/xc16/v2.00/bin/bin/../../lib/libc99-pic30-elf.a(floatunsisf.XX_o)
 __c30_signature
                  0x000af1          0x6 /Applications/microchip/xc16/v2.00/bin/bin/../../lib/libc99-pic30-elf.a(funpack.XX_o)
 __c30_signature
                  0x000af7          0x6 /Applications/microchip/xc16/v2.00/bin/bin/../../lib/libc99-pic30-elf.a(modsi3.XX_o)
 __c30_signature
                  0x000afd          0x6 /Applications/microchip/xc16/v2.00/bin/bin/../../lib/libc99-pic30-elf.a(udivsi3.XX_o)
 __c30_signature
                  0x000b03          0x6 /Applications/microchip/xc16/v2.00/bin/bin/../../lib/libc99-pic30-elf.a(umodsi3.XX_o)
 __c30_signature
                  0x000b09          0x6 /Applications/microchip/xc16/v2.00/bin/bin/../../lib/libc99-pic30-elf.a(errno.XX_o)
 __c30_signature
                  0x000b0f          0x6 /Applications/microchip/xc16/v2.00/bin/bin/../../lib/libc99-pic30-elf.a(floatundisf.XX_o)
 __c30_signature
                  0x000b15          0x6 /Applications/microchip/xc16/v2.00/bin/bin/../../lib/libc99-pic30-elf.a(fpack.XX_o)
 __c30_signature
                  0x000b1b          0x6 /Applications/microchip/xc16/v2.00/bin/bin/../../lib/libm-elf.a(logf.XX_o)
 __c30_signature
                  0x000b21          0x6 /Applications/microchip/xc16/v2.00/bin/bin/../../lib/libc99-elf.a(__errno_location.XX_o)
 __c30_signature
                  0x000b27          0x6 /Applications/microchip/xc16/v2.00/bin/bin/../../lib/libc99-pic30-elf.a(floatsisf.XX_o)
 __c30_signature
                  0x000b2d          0x6 /Applications/microchip/xc16/v2.00/bin/bin/../../lib/libc99-pic30-elf.a(floatdisf.XX_o)

.nbss               0x0800        0x158
 .nbss              0x0800         0xa4 .ca/build/PRO_Comparison/production/_ext/1109514802/P2P.o
                    0x0800                  _currentChannel
                    0x0801                  _ConnMode
                    0x0802                  _MACRxPacket
                    0x0810                  _TxBuffer
                    0x0838                  _TxData
                    0x0839                  _P2PStatus
                    0x083a                  _myPANID
                    0x083c                  _ConnectionTable
                    0x0896                  _rxMessage
                    0x08a2                  _P2PCapacityInfo
                    0x08a3                  _LatestConnection
 .nbss              0x08a4         0x58 .ca/build/PRO_Comparison/production/_ext/1061806389/MRF24J40.o
                    0x08a4                  _failureCounter
                    0x08a6                  _MACInitParams
                    0x08aa                  _RxBuffer
                    0x08eb                  _IEEESeqNum
                    0x08ec                  _MACCurrentChannel
                    0x08ee                  _MAC_PANID
                    0x08f0                  _myNetworkAddress
                    0x08f2                  _t1
                    0x08f6                  _t2
                    0x08fa                  _MRF24J40Status
 .nbss              0x08fc         0x52 .ca/build/PRO_Comparison/production/_ext/1472/AccessPoint.o
                    0x08fc                  _Packet
                    0x0900                  _boardMode
                    0x0902                  _nodeID
                    0x0903                  _TXID
                    0x0904                  _thermValH
                    0x0905                  _thermValL
                    0x0906                  _vddValH
                    0x0907                  _vddValL
                    0x0908                  _lightValH
                    0x0909                  _lightValL
                    0x090a                  _humValH
                    0x090b                  _humValL
                    0x090c                  _extValH
                    0x090d                  _extValL
                    0x090e                  _rssiValH
                    0x090f                  _rssiValL
                    0x0910                  _Total_sec_cnt
                    0x0914                  _Sec_between_packet
                    0x0924                  _Hundred_millisecond_cnt
                    0x0926                  _thermVal
                    0x0928                  _tempVal
                    0x092a                  _vddVal
                    0x092c                  _lightVal
                    0x092e                  _humVal
                    0x0930                  _extVal
                    0x0932                  _rssiVal
                    0x0934                  _total_time_sec
                    0x0936                  _total_time_min
                    0x0938                  _total_time_hr
                    0x093a                  _delta_time_sec
                    0x093c                  _delta_time_min
                    0x093e                  _tem
                    0x0942                  _res
                    0x0946                  _curr
                    0x094a                  _temp_int
                    0x094c                  _PressedButton
 .nbss              0x094e          0xa .ca/build/PRO_Comparison/production/_ext/1472/HardwareProfile.o
                    0x094e                  _PUSH_BUTTON_1_pressed
                    0x0950                  _PUSH_BUTTON_2_pressed
                    0x0952                  _PUSH_BUTTON_pressed
                    0x0954                  _PUSH_BUTTON_press_time

.ndata              0x0958          0xc
 .ndata             0x0958          0x8 .ca/build/PRO_Comparison/production/_ext/1109514802/P2P.o
                    0x0958                  _myLongAddress
 .ndata             0x0960          0x4 .ca/build/PRO_Comparison/production/_ext/1472/AccessPoint.o
                    0x0960                  _version
                    0x0962                  _myChannel

.nbss               0x0964          0x4
 .nbss              0x0964          0x2 .ca/build/PRO_Comparison/production/_ext/1466186449/SymbolTime.o
                    0x0964                  _timerExtension1
                    0x0965                  _timerExtension2
 .nbss              0x0966          0x2 /Applications/microchip/xc16/v2.00/bin/bin/../../lib/libc99-pic30-elf.a(errno.XX_o)
                    0x0966                  _errno

.bss                0x0968          0x2
 .bss               0x0968          0x2 /Applications/microchip/xc16/v2.00/bin/bin/../../lib/libc99-elf.a(__errno_location.XX_o)
                    0x0968                  ___errno_val

.ivt._CNInterrupt
                  0x00003a          0x2
 .ivt._CNInterrupt
                  0x00003a          0x2 .ca/build/PRO_Comparison/production/_ext/1472/HardwareProfile.o

.ivt._T1Interrupt
                  0x00001a          0x2
 .ivt._T1Interrupt
                  0x00001a          0x2 .ca/build/PRO_Comparison/production/_ext/1472/AccessPoint.o

.ivt._INT1Interrupt
                  0x00003c          0x2
 .ivt._INT1Interrupt
                  0x00003c          0x2 .ca/build/PRO_Comparison/production/_ext/1061806389/MRF24J40.o

.const              0x8d42        0x4ce load address 0x000d42  
 .const             0x8d42        0x472 .ca/build/PRO_Comparison/production/_ext/1472/AccessPoint.o
 .const             0x91b4         0x4c .ca/build/PRO_Comparison/production/_ext/1109514802/P2P.o
 .const             0x9200         0x10 .ca/build/PRO_Comparison/production/_ext/1860783399/Console.o
                    0x9200                  _CharacterArray

.text             0x001210       0x1978
 .text            0x001210        0xc7e .ca/build/PRO_Comparison/production/_ext/1472/AccessPoint.o
                  0x001210                  _PrintScreen
                  0x0019aa                  _GetRSSI
                  0x001aa0                  _main
 .text            0x001e8e        0x574 .ca/build/PRO_Comparison/production/_ext/1061806389/MRF24J40.o
                  0x001e8e                  _PHYSetLongRAMAddr
                  0x001eca                  _PHYSetShortRAMAddr
                  0x001efa                  _PHYGetShortRAMAddr
                  0x001f22                  _PHYGetLongRAMAddr
                  0x001f58                  _MiMAC_DiscardPacket
                  0x001f5c                  _MiMAC_ReceivedPacket
                  0x002096                  _MiMAC_SetChannel
                  0x0020be                  _InitMRF24J40
                  0x002194                  _MiMAC_SetPower
                  0x0021d8                  _MiMAC_SetAltAddress
                  0x002214                  _MiMAC_SendPacket
                  0x0023ee                  _MiMAC_Init
 .text            0x002402        0x436 .ca/build/PRO_Comparison/production/_ext/1109514802/P2P.o
                  0x002402                  _MacroNop
                  0x002406                  _SendPacket
                  0x002470                  _MiApp_BroadcastPacket
                  0x00247e                  _MiApp_UnicastAddress
                  0x00248c                  _MiApp_UnicastConnection
                  0x0024aa                  _isSameAddress
                  0x0024c8                  _MiApp_StartConnection
                  0x0024d4                  _MiApp_DiscardMessage
                  0x0024da                  _MiApp_SetChannel
                  0x0024f8                  _MiApp_ProtocolInit
                  0x002552                  _DumpConnection
                  0x0025f6                  _AddConnection
                  0x00267a                  _P2PTasks
                  0x00277c                  _MiApp_MessageAvailable
                  0x002786                  _MiApp_EstablishConnection
                  0x002824                  _MiApp_ConnectionMode
 .text            0x002838        0x1b8 .ca/build/PRO_Comparison/production/_ext/1127682237/security.o
                  0x002838                  _Words32ToBytes
                  0x002868                  _Simon6496KeySchedule
                  0x00290a                  _Simon6496Decrypt
 .text            0x0029f0         0x94 .ca/build/PRO_Comparison/production/_ext/1472/HardwareProfile.o
                  0x0029f0                  _BoardInit
                  0x002a1e                  _LCDTRXCount
                  0x002a20                  _LCDDisplay
                  0x002a22                  _ButtonPressed
 .text            0x002a84         0x82 .ca/build/PRO_Comparison/production/_ext/1860783399/Console.o
                  0x002a84                  _ConsoleInit
                  0x002a96                  _ConsolePut
                  0x002aa4                  _ConsolePutROMString
                  0x002abc                  _ConsoleGet
                  0x002aca                  _PrintChar
                  0x002ae2                  _PrintDec
 .text            0x002b06         0x82 .ca/build/PRO_Comparison/production/_ext/1860783399/TimeDelay.o
                  0x002b06                  _Delay10us
                  0x002b50                  _DelayMs

.dinit            0x002b88         0x42
 .dinit           0x002b88         0x42 data_init

.text             0x002bca         0x2e
 .text            0x002bca         0x1a .ca/build/PRO_Comparison/production/_ext/1860783399/MSPI.o
                  0x002bca                  _SPIPut
                  0x002bdc                  _SPIGet
 .text            0x002be4         0x14 .ca/build/PRO_Comparison/production/_ext/1466186449/SymbolTime.o
                  0x002be4                  _InitSymbolTimer
                  0x002bec                  _TickGet
